
TestAdam
x: [[1, 1, 1],[1, 1, 1],[1, 1, 1]]
y: [[2, 2, 2],[2, 2, 2],[2, 2, 2]]
grad_x: [[2, 2, 2],[2, 2, 2],[2, 2, 2]]
grad_y: [[4, 4, 4],[4, 4, 4],[4, 4, 4]]
epoch=   0 loss=4.500000e+01
epoch= 100 loss=1.148231e+01
epoch= 200 loss=2.260651e+00
epoch= 300 loss=2.951293e-01
epoch= 400 loss=2.385230e-02
epoch= 500 loss=1.179323e-03
epoch= 600 loss=3.512869e-05
epoch= 700 loss=6.129561e-07
epoch= 800 loss=5.998310e-09
epoch= 900 loss=3.089204e-11
epoch=1000 loss=7.622585e-14
