
TestReverse
var_x: Var(0.392699, double, "x")
var_y: Var(0.392699, double, "y")
e.value(): 0.707107
x.grad(): 0.707107
y.grad(): 0.707107
reverse_scal1.gv
e.value(): 0.707107
x.grad(): 0.707107
y.grad(): 0.707107
reverse_scal2.gv

TestReverse
var_x: Var(Matrix<double>, "x")
var_y: Var(Matrix<double>, "y")
e.value(): 2.12132
x.grad(): [[0.707107, 1, 1],[1, 0.707107, 1],[1, 1, 0.707107]]
y.grad(): [[0.707107, 1, 1],[1, 0.707107, 1],[1, 1, 0.707107]]
reverse_matr1.gv
e.value(): 2.12132
x.grad(): [[0.707107, 1, 1],[1, 0.707107, 1],[1, 1, 0.707107]]
y.grad(): [[0.707107, 1, 1],[1, 0.707107, 1],[1, 1, 0.707107]]
reverse_matr2.gv

TestRoll
Str(matr):
  0   1   2   3   4
  5   6   7   8   9
 10  11  12  13  14
 15  16  17  18  19
 20  21  22  23  24
Str(grad(sum(x * matr))):
  0   1   2   3   4
  5   6   7   8   9
 10  11  12  13  14
 15  16  17  18  19
 20  21  22  23  24
Str(grad(sum(roll(x, 1, 2) * matr))):
  7   8   9   5   6
 12  13  14  10  11
 17  18  19  15  16
 22  23  24  20  21
  2   3   4   0   1

TestMultigrid
Str(u):
   11    15    19    23    27
   51    55    59    63    67
   91    95    99   103   107
  131   135   139   143   147
  171   175   179   183   187
Str(ufine):
    0     2     4     6     8    10    12    14    16    18
   20    22    24    26    28    30    32    34    36    38
   40    42    44    46    48    50    52    54    56    58
   60    62    64    66    68    70    72    74    76    78
   80    82    84    86    88    90    92    94    96    98
  100   102   104   106   108   110   112   114   116   118
  120   122   124   126   128   130   132   134   136   138
  140   142   144   146   148   150   152   154   156   158
  160   162   164   166   168   170   172   174   176   178
  180   182   184   186   188   190   192   194   196   198
Str(grad(sum(x * u))):
   11    15    19    23    27
   51    55    59    63    67
   91    95    99   103   107
  131   135   139   143   147
  171   175   179   183   187
Str(grad(sum(interpolate(x) * ufine) / 4)):
15.4688 16.5625 22.625 23.0312 35.4375
57.3438 48.125 57.875 53.1562 72.875
102.5 83.75    99  89.5 120.25
122.031 98.4375 115.375 103.469 137.562
215.156 171.875 200.125 178.344 235.125
